CCS PCM C Compiler, Version 4.130, 5967               10-août-15 15:20

               Filename: C:\Users\cedric\Desktop\BLE_strain\BLE_Software\main.lst

               ROM used: 650 words (8%)
                         Largest free fragment is 2048
               RAM used: 16 (2%) at main() level
                         33 (3%) worst case
               Stack:    2 worst case (1 in main + 1 for interrupts)

*
0000:  MOVLP  00
0001:  GOTO   194
0002:  NOP
*
0004:  CLRF   03
0005:  CLRF   0A
0006:  MOVLB  00
0007:  MOVF   77,W
0008:  MOVWF  20
0009:  MOVF   78,W
000A:  MOVWF  21
000B:  MOVF   79,W
000C:  MOVWF  22
000D:  MOVF   7A,W
000E:  MOVWF  23
000F:  BTFSS  0B.5
0010:  GOTO   013
0011:  BTFSC  0B.2
0012:  GOTO   01C
0013:  MOVF   20,W
0014:  MOVWF  77
0015:  MOVF   21,W
0016:  MOVWF  78
0017:  MOVF   22,W
0018:  MOVWF  79
0019:  MOVF   23,W
001A:  MOVWF  7A
001B:  RETFIE
001C:  MOVLP  00
001D:  GOTO   01E
.................... #ZERO_RAM 
.................... #include <main.h> 
.................... #include <16F1825.h> 
.................... //////// Standard Header file for the PIC16F1825 device //////////////// 
.................... #device PIC16F1825 
.................... #list 
....................  
.................... #define CRYSTAL_FREQ 32000000 
.................... #device adc=16 
.................... //#device *=16 
.................... #FUSES NOWDT                    //No Watch Dog Timer 
.................... #FUSES INTRC_IO                 //Internal RC Osc, no CLKOUT 
.................... #FUSES WDT_SW                   //No Watch Dog Timer, enabled in Software 
.................... #FUSES NOBROWNOUT               //No brownout reset 
.................... #FUSES NOIESO                   //Internal External SWITCH Over mode disabled 
.................... #FUSES NOSTVREN                 //Stack full/underflow will not cause reset 
.................... #FUSES NOLVP                    //No low voltage prgming, B3(PIC16) or B5(PIC18) used FOR I/O 
.................... #FUSES NOPROTECT    //Code not protected from reading 
....................  
.................... #use delay (clock=CRYSTAL_FREQ) 
*
0067:  MOVLW  20
0068:  MOVWF  05
0069:  MOVLW  0B
006A:  MOVWF  04
006B:  MOVF   00,W
006C:  BTFSC  03.2
006D:  GOTO   07B
006E:  MOVLW  0A
006F:  MOVWF  78
0070:  CLRF   77
0071:  DECFSZ 77,F
0072:  GOTO   071
0073:  DECFSZ 78,F
0074:  GOTO   070
0075:  MOVLW  5F
0076:  MOVWF  77
0077:  DECFSZ 77,F
0078:  GOTO   077
0079:  DECFSZ 00,F
007A:  GOTO   06E
007B:  RETURN
....................  
.................... #include "platform.h" 
.................... #define BT_BAUDRATE 9600 
....................  
.................... /////////////////////////////////////////////////////////////////////////// 
.................... //      I/O configuration 
.................... /////////////////////////////////////////////////////////////////////////// 
.................... #define   PA_DefData      0b00100000 
.................... #define   PA_DefTRIS      0b00000000 
....................  
....................    //  5   LED 
....................    //  4   NC 
....................    //  3   MCLR 
....................    //  2   NC 
....................    //  1   PGEC 
....................    //  0   PGED 
....................  
.................... #define   PC_DefData      0b00000000 
.................... #define   PC_DefTRIS      0b00100010 
....................  
....................    // 5     RX 
....................    // 4     TX 
....................    // 3     NC 
....................    // 2     CS 
....................    // 1     IN 
....................    // 0     CLK 
....................     
....................  
.................... /////////////////////////////////////////////////////////////////////////// 
.................... //      GPS module connection 
.................... /////////////////////////////////////////////////////////////////////////// 
....................    
.................... #USE RS232(BAUD=BT_BAUDRATE, UART1, ERRORS) 
....................  
....................  
.................... /////////////////////////////////////////////////////////////////////////// 
.................... //      Define the register map for this processor 
.................... /////////////////////////////////////////////////////////////////////////// 
....................  
.................... #BYTE SSP1STAT = 0x214 
.................... #BYTE SSP1CON1 = 0x215 
.................... #BYTE SSP1CON2 = 0x216 
.................... #BYTE SSP1BUF  = 0x211 
....................  
.................... #BYTE APFCON0 = 0x11D 
....................  
.................... #BYTE PORTA = 0x00C 
.................... #BYTE TRISA = 0x08C 
.................... #BYTE LATA  = 0x10C 
....................  
.................... #BYTE PORTC = 0x00E 
.................... #BYTE TRISC = 0x08E 
.................... #BYTE LATC  = 0x10E 
....................  
.................... /////////////////////////////////////////////////////////////////////////// 
.................... //      Map the SPI port 
.................... /////////////////////////////////////////////////////////////////////////// 
....................  
.................... #define GPS_SPISTAT      SSP1STAT 
.................... #define GPS_SPICON1      SSP1CON1 
.................... #define GPS_SPIBUF       SSP1BUF 
....................  
.................... ////////////////////////////////////////////////////////////////////////// 
.................... //      Define Register Bits 
.................... ////////////////////////////////////////////////////////////////////////// 
....................  
.................... #BIT SPI_WCOL=GPS_SPICON1.7 
.................... #BIT SPI_SSPOV=GPS_SPICON1.6 
.................... #BIT SPI_SSPEN=GPS_SPICON1.5 
.................... #BIT SPI_CKP=GPS_SPICON1.4 
.................... #BIT SPI_SSPM3=GPS_SPICON1.3 
.................... #BIT SPI_SSPM2=GPS_SPICON1.2 
.................... #BIT SPI_SSPM1=GPS_SPICON1.1 
.................... #BIT SPI_SSPM0=GPS_SPICON1.0 
....................  
.................... #BIT SPI_SMP=GPS_SPISTAT.7 
.................... #BIT SPI_CKE=GPS_SPISTAT.6 
.................... #BIT SPI_BF=GPS_SPISTAT.0 
....................  
.................... /////////////////////////////////////////////////////////////////////////// 
.................... //      SPI connection to Main 
.................... /////////////////////////////////////////////////////////////////////////// 
....................  
....................  
.................... /////////////////////////////////////////////////////////////////////////// 
.................... //      Status LED 
.................... /////////////////////////////////////////////////////////////////////////// 
.................... #define  LED_Status_PIN LATA.5 
.................... #bit     LED = LED_Status_PIN 
....................  
.................... /////////////////////////////////////////////////////////////////////////// 
.................... //      Bluetooth Enable  
.................... /////////////////////////////////////////////////////////////////////////// 
.................... #define  BT_WKUP_PIN LATC.3 
.................... #bit     BT_EN = BT_WKUP_PIN 
....................  
.................... /////////////////////////////////////////////////////////////////////////// 
.................... //      ADC Pins 
.................... /////////////////////////////////////////////////////////////////////////// 
.................... #define ADC_CLK_PIN  LATC.0 
.................... #define ADC_IN_PIN   PORTC.1 
.................... #define ADC_CS_PIN   LATC.2 
....................  
.................... #bit  ADC_CLK = ADC_CLK_PIN 
.................... #bit  ADC_IN = ADC_IN_PIN 
.................... #bit  ADC_CS = ADC_CS_PIN 
....................  
....................  
.................... #define DELAY 1000 
....................  
.................... #USE FAST_IO (A) 
.................... #USE FAST_IO (C) 
....................  
.................... int1 flag_ADC = 0; 
.................... unsigned int16 ADC_result=0; 
.................... int16 timer_ADC = 0; 
.................... #define temps_ADC 250 // in ms 
....................  
.................... #int_TIMER0 
.................... void  TIMER0_isr(void)  
.................... { 
....................    if (timer_ADC++ == temps_ADC ) 
*
001E:  MOVF   29,W
001F:  MOVWF  7A
0020:  MOVF   28,W
0021:  INCF   28,F
0022:  BTFSC  03.2
0023:  INCF   29,F
0024:  MOVWF  2F
0025:  MOVF   7A,W
0026:  MOVWF  30
0027:  MOVF   2F,W
0028:  SUBLW  FA
0029:  BTFSS  03.2
002A:  GOTO   031
002B:  MOVF   30,F
002C:  BTFSS  03.2
002D:  GOTO   031
....................    { 
....................       timer_ADC = 0; 
002E:  CLRF   29
002F:  CLRF   28
....................       flag_ADC = 1; 
0030:  BSF    25.0
....................    } 
....................        
....................    clear_interrupt(INT_TIMER0); 
0031:  MOVF   07,W
0032:  BCF    0B.2
.................... } 
....................  
0033:  BCF    0B.2
0034:  MOVLP  00
0035:  GOTO   013
.................... void init_pic(void) 
.................... { 
....................    // initialise port A 
....................    LATA = PA_DefData; 
*
0043:  MOVLW  20
0044:  MOVLB  02
0045:  MOVWF  0C
....................    TRISA = PA_DefTRIS; 
0046:  MOVLB  01
0047:  CLRF   0C
....................    // initialise port C 
....................    LATC = PC_DefData; 
0048:  MOVLB  02
0049:  CLRF   0E
....................    TRISC = PC_DefTRIS; 
004A:  MOVLW  22
004B:  MOVLB  01
004C:  MOVWF  0E
....................    APFCON0 = 0x0; 
004D:  MOVLB  02
004E:  CLRF   1D
....................     
....................    //setup_timer_2 (T2_DIV_BY_16, 250, 10); //500 us overflow, 5.0 ms interrupt 
....................    setup_comparator (NC_NC_NC_NC); // This device COMP currently not supported by the PICWizard 
004F:  CLRF   12
0050:  CLRF   11
0051:  CLRF   14
0052:  CLRF   13
....................    setup_oscillator (OSC_8MHZ|OSC_PLL_ON) ; 
0053:  MOVLW  F0
0054:  MOVLB  01
0055:  MOVWF  19
....................    setup_timer_0(RTCC_INTERNAL|RTCC_DIV_32|RTCC_8_bit);      //1.0 ms overflow 
0056:  MOVF   15,W
0057:  ANDLW  C0
0058:  IORLW  04
0059:  MOVWF  15
....................  
....................    setup_timer_4(T4_DISABLED,0,1); 
005A:  MOVLW  00
005B:  MOVWF  78
005C:  MOVLB  08
005D:  MOVWF  17
005E:  MOVLW  00
005F:  MOVWF  16
....................    setup_timer_6(T6_DISABLED,0,1); 
0060:  MOVWF  78
0061:  MOVWF  1E
0062:  MOVLW  00
0063:  MOVWF  1D
.................... } 
0064:  MOVLP  00
0065:  MOVLB  00
0066:  GOTO   249 (RETURN)
....................  
.................... void ADS() 
.................... { 
....................    LED=1; 
*
00C7:  MOVLB  02
00C8:  BSF    0C.5
....................    ADC_result = 0; 
00C9:  MOVLB  00
00CA:  CLRF   27
00CB:  CLRF   26
....................    unsigned int8 i; 
....................    // Start a conversion with a lo pulse on ADC_CONVERT 
....................    //ADC_CS = 0; // LOWER NOT-CS 
....................    ADC_CLK = 0; //  clock low 
00CC:  MOVLB  02
00CD:  BCF    0E.0
....................    delay_cycles(4); 
00CE:  GOTO   0CF
00CF:  GOTO   0D0
....................    ADC_CS = 0; // START CONVERT not CS line 
00D0:  BCF    0E.2
....................    delay_cycles(4); 
00D1:  GOTO   0D2
00D2:  GOTO   0D3
....................  
....................    for ( i = 0 ; i < 8 ; i++ ) 
00D3:  MOVLB  00
00D4:  CLRF   2A
00D5:  MOVF   2A,W
00D6:  SUBLW  07
00D7:  BTFSS  03.0
00D8:  GOTO   0E9
....................    { 
....................       ADC_CLK = 1;       
00D9:  MOVLB  02
00DA:  BSF    0E.0
....................       delay_cycles(4); 
00DB:  GOTO   0DC
00DC:  GOTO   0DD
....................       IF ( !ADC_IN )  
00DD:  MOVLB  00
00DE:  BTFSC  0E.1
00DF:  GOTO   0E2
....................          BREAK; 
00E0:  GOTO   0E9
....................       ELSE  
00E1:  GOTO   0E5
....................          ADC_CLK = 0; 
00E2:  MOVLB  02
00E3:  BCF    0E.0
00E4:  MOVLB  00
....................       delay_cycles(4); 
00E5:  GOTO   0E6
00E6:  GOTO   0E7
....................    } 
00E7:  INCF   2A,F
00E8:  GOTO   0D5
....................  
.................... //   IF (8==i) BADDIE(51); // GLOBAL TIMED OUT WARN 
....................    ADC_CLK = 0;   // produce a new lo-to-high clock 
00E9:  MOVLB  02
00EA:  BCF    0E.0
....................    delay_cycles(4);      // wait for a bit 
00EB:  GOTO   0EC
00EC:  GOTO   0ED
....................  
....................    // now read data 
....................    for (i=0;i<16;i++){ 
00ED:  MOVLB  00
00EE:  CLRF   2A
00EF:  MOVF   2A,W
00F0:  SUBLW  0F
00F1:  BTFSS  03.0
00F2:  GOTO   10D
....................    ADC_CLK = 1;  // now after rising edge 
00F3:  MOVLB  02
00F4:  BSF    0E.0
....................    delay_cycles(8);      // OR input pin with 16bit int 
00F5:  MOVLW  02
00F6:  MOVWF  77
00F7:  DECFSZ 77,F
00F8:  GOTO   0F7
00F9:  NOP
....................    ADC_result |= ADC_IN; //   OR input pin with 16bit int 
00FA:  MOVLW  00
00FB:  MOVLB  00
00FC:  BTFSC  0E.1
00FD:  MOVLW  01
00FE:  IORWF  26,F
....................    ADC_CLK = 0;   // produce a new lo-to-high clock 
00FF:  MOVLB  02
0100:  BCF    0E.0
....................    if (i !=15)  
0101:  MOVLB  00
0102:  MOVF   2A,W
0103:  SUBLW  0F
0104:  BTFSC  03.2
0105:  GOTO   109
....................       ADC_result=ADC_result<<1;         // and shift that bit along toward MSB 
0106:  BCF    03.0
0107:  RLF    26,F
0108:  RLF    27,F
....................    delay_cycles(4); 
0109:  GOTO   10A
010A:  GOTO   10B
....................   } 
010B:  INCF   2A,F
010C:  GOTO   0EF
....................   // PREP FOR NEXT CYCLE 
....................   ADC_CLK = 0; 
010D:  MOVLB  02
010E:  BCF    0E.0
....................   delay_cycles(8); 
010F:  MOVLW  02
0110:  MOVWF  77
0111:  DECFSZ 77,F
0112:  GOTO   111
0113:  NOP
....................   ADC_CS = 1; // SHUT OFF CONVERTER  
0114:  BSF    0E.2
....................   LED = 0; 
0115:  BCF    0C.5
.................... } 
0116:  MOVLP  00
0117:  MOVLB  00
0118:  GOTO   26F (RETURN)
....................  
.................... void main() 
.................... { 
*
0194:  MOVLW  57
0195:  MOVWF  77
0196:  MOVLW  20
0197:  MOVWF  04
0198:  MOVLW  00
0199:  MOVWF  05
019A:  CLRF   00
019B:  INCF   04,F
019C:  DECFSZ 77,F
019D:  GOTO   19A
019E:  CLRF   78
019F:  CLRF   79
01A0:  CLRF   7A
01A1:  CLRF   7B
01A2:  CLRF   7C
01A3:  CLRF   7D
01A4:  CLRF   7E
01A5:  MOVLW  50
01A6:  MOVWF  77
01A7:  MOVLW  A0
01A8:  MOVWF  04
01A9:  MOVLW  00
01AA:  MOVWF  05
01AB:  CLRF   00
01AC:  INCF   04,F
01AD:  DECFSZ 77,F
01AE:  GOTO   1AB
01AF:  MOVLW  50
01B0:  MOVWF  77
01B1:  MOVLW  20
01B2:  MOVWF  04
01B3:  MOVLW  01
01B4:  MOVWF  05
01B5:  CLRF   00
01B6:  INCF   04,F
01B7:  DECFSZ 77,F
01B8:  GOTO   1B5
01B9:  CLRF   05
01BA:  MOVLW  50
01BB:  MOVWF  77
01BC:  MOVLW  A0
01BD:  MOVWF  04
01BE:  MOVLW  01
01BF:  MOVWF  05
01C0:  CLRF   00
01C1:  INCF   04,F
01C2:  DECFSZ 77,F
01C3:  GOTO   1C0
01C4:  CLRF   05
01C5:  MOVLW  50
01C6:  MOVWF  77
01C7:  MOVLW  20
01C8:  MOVWF  04
01C9:  MOVLW  02
01CA:  MOVWF  05
01CB:  CLRF   00
01CC:  INCF   04,F
01CD:  DECFSZ 77,F
01CE:  GOTO   1CB
01CF:  CLRF   05
01D0:  MOVLW  50
01D1:  MOVWF  77
01D2:  MOVLW  A0
01D3:  MOVWF  04
01D4:  MOVLW  02
01D5:  MOVWF  05
01D6:  CLRF   00
01D7:  INCF   04,F
01D8:  DECFSZ 77,F
01D9:  GOTO   1D6
01DA:  CLRF   05
01DB:  MOVLW  50
01DC:  MOVWF  77
01DD:  MOVLW  20
01DE:  MOVWF  04
01DF:  MOVLW  03
01E0:  MOVWF  05
01E1:  CLRF   00
01E2:  INCF   04,F
01E3:  DECFSZ 77,F
01E4:  GOTO   1E1
01E5:  CLRF   05
01E6:  MOVLW  50
01E7:  MOVWF  77
01E8:  MOVLW  A0
01E9:  MOVWF  04
01EA:  MOVLW  03
01EB:  MOVWF  05
01EC:  CLRF   00
01ED:  INCF   04,F
01EE:  DECFSZ 77,F
01EF:  GOTO   1EC
01F0:  CLRF   05
01F1:  MOVLW  50
01F2:  MOVWF  77
01F3:  MOVLW  20
01F4:  MOVWF  04
01F5:  MOVLW  04
01F6:  MOVWF  05
01F7:  CLRF   00
01F8:  INCF   04,F
01F9:  DECFSZ 77,F
01FA:  GOTO   1F7
01FB:  CLRF   05
01FC:  MOVLW  50
01FD:  MOVWF  77
01FE:  MOVLW  A0
01FF:  MOVWF  04
0200:  MOVLW  04
0201:  MOVWF  05
0202:  CLRF   00
0203:  INCF   04,F
0204:  DECFSZ 77,F
0205:  GOTO   202
0206:  CLRF   05
0207:  MOVLW  50
0208:  MOVWF  77
0209:  MOVLW  20
020A:  MOVWF  04
020B:  MOVLW  05
020C:  MOVWF  05
020D:  CLRF   00
020E:  INCF   04,F
020F:  DECFSZ 77,F
0210:  GOTO   20D
0211:  CLRF   05
0212:  MOVLW  50
0213:  MOVWF  77
0214:  MOVLW  A0
0215:  MOVWF  04
0216:  MOVLW  05
0217:  MOVWF  05
0218:  CLRF   00
0219:  INCF   04,F
021A:  DECFSZ 77,F
021B:  GOTO   218
021C:  CLRF   05
021D:  MOVLW  30
021E:  MOVWF  77
021F:  MOVLW  20
0220:  MOVWF  04
0221:  MOVLW  06
0222:  MOVWF  05
0223:  CLRF   00
0224:  INCF   04,F
0225:  DECFSZ 77,F
0226:  GOTO   223
0227:  CLRF   05
0228:  CLRF   20
0229:  CLRF   05
022A:  CLRF   04
022B:  MOVLW  1F
022C:  ANDWF  03,F
022D:  MOVLW  F0
022E:  MOVLB  01
022F:  MOVWF  19
0230:  MOVLB  00
0231:  CLRF   24
0232:  MOVLW  33
0233:  MOVLB  03
0234:  MOVWF  1B
0235:  MOVLW  A2
0236:  MOVWF  1E
0237:  MOVLW  90
0238:  MOVWF  1D
0239:  MOVLB  00
023A:  BCF    25.0
023B:  CLRF   27
023C:  CLRF   26
023D:  CLRF   29
023E:  CLRF   28
023F:  MOVLB  03
0240:  CLRF   0C
0241:  CLRF   0E
0242:  MOVLB  02
0243:  CLRF   12
0244:  CLRF   11
0245:  CLRF   14
0246:  CLRF   13
....................    init_pic(); 
0247:  MOVLB  00
0248:  GOTO   043
....................    BT_EN = 1; 
0249:  MOVLB  02
024A:  BSF    0E.3
....................    ADC_CS = 1; 
024B:  BSF    0E.2
....................    delay_ms(500); 
024C:  MOVLW  02
024D:  MOVLB  00
024E:  MOVWF  2A
024F:  MOVLW  FA
0250:  MOVWF  2B
0251:  CALL   067
0252:  DECFSZ 2A,F
0253:  GOTO   24F
....................     
....................     
....................    //Puts module into transparent UART mode immediately 
....................    // Can do it with melody smart app  
....................    //command trs then wrt so store it 
....................    printf("TRS\r"); 
0254:  MOVLW  36
0255:  MOVLB  03
0256:  MOVWF  11
0257:  MOVLW  00
0258:  MOVWF  12
0259:  MOVLB  00
025A:  CALL   07C
....................    delay_ms(250); 
025B:  MOVLW  FA
025C:  MOVWF  2B
025D:  CALL   067
....................    printf("READY !\r"); 
025E:  MOVLW  39
025F:  MOVLB  03
0260:  MOVWF  11
0261:  MOVLW  00
0262:  MOVWF  12
0263:  MOVLB  00
0264:  CALL   07C
....................     delay_ms(250); 
0265:  MOVLW  FA
0266:  MOVWF  2B
0267:  CALL   067
....................    enable_interrupts(INT_TIMER0); 
0268:  BSF    0B.5
....................    enable_interrupts(GLOBAL); 
0269:  MOVLW  C0
026A:  IORWF  0B,F
....................    //Example blinking LED program 
....................    while(true) 
....................    { 
....................        
....................       if (flag_ADC) 
026B:  BTFSS  25.0
026C:  GOTO   289
....................       { 
....................          flag_ADC=0; 
026D:  BCF    25.0
....................          ADS(); 
026E:  GOTO   0C7
....................          printf("ADC:%LX\r",ADC_result); 
026F:  MOVLW  3E
0270:  MOVLB  03
0271:  MOVWF  11
0272:  MOVLW  00
0273:  MOVWF  12
0274:  BCF    03.0
0275:  MOVLW  04
0276:  MOVLB  00
0277:  MOVWF  2A
0278:  GOTO   119
0279:  MOVF   27,W
027A:  MOVWF  2A
027B:  MOVLW  37
027C:  MOVWF  2B
027D:  CALL   16D
027E:  MOVF   26,W
027F:  MOVWF  2A
0280:  MOVLW  37
0281:  MOVWF  2B
0282:  CALL   16D
0283:  MOVLW  0D
0284:  BTFSS  11.4
0285:  GOTO   284
0286:  MOVLB  03
0287:  MOVWF  1A
0288:  MOVLB  00
....................       } 
....................        
....................    } 
0289:  GOTO   26B
....................  
.................... } 
028A:  SLEEP

Configuration Fuses:
   Word  1: 29CC   INTRC_IO WDT_SW PUT MCLR NOPROTECT NOCPD NOBROWNOUT NOCLKOUT NOIESO FCMEN
   Word  2: 1CFF   NOWRT PLL_SW NOSTVREN BORV24 NODEBUG NOLVP
